###############################################################################
#                                                                             #
# IAR ELF Linker V6.60.2.5449/W32 for ARM               08/Apr/2016  16:34:44 #
# Copyright 2007-2013 IAR Systems AB.                                         #
#                                                                             #
#    Output file  =  C:\Users\ChiHau\Desktop\Robot 2\Lab3 (Maze               #
#                    1)\Debug\Exe\c.out                                       #
#    Map file     =  C:\Users\ChiHau\Desktop\Robot 2\Lab3 (Maze               #
#                    1)\Debug\List\c.map                                      #
#    Command line =  "C:\Users\ChiHau\Desktop\Robot 2\Lab3 (Maze              #
#                    1)\Debug\Obj\app_vect.o" "C:\Users\ChiHau\Desktop\Robot  #
#                    2\Lab3 (Maze 1)\Debug\Obj\bsp.o"                         #
#                    "C:\Users\ChiHau\Desktop\Robot 2\Lab3 (Maze              #
#                    1)\Debug\Obj\bsp_display.o"                              #
#                    "C:\Users\ChiHau\Desktop\Robot 2\Lab3 (Maze              #
#                    1)\Debug\Obj\bsp_int.o" "C:\Users\ChiHau\Desktop\Robot   #
#                    2\Lab3 (Maze 1)\Debug\Obj\bsp_motor.o"                   #
#                    "C:\Users\ChiHau\Desktop\Robot 2\Lab3 (Maze              #
#                    1)\Debug\Obj\bsp_sensors.o"                              #
#                    "C:\Users\ChiHau\Desktop\Robot 2\Lab3 (Maze              #
#                    1)\Debug\Obj\cpu_a.o" "C:\Users\ChiHau\Desktop\Robot     #
#                    2\Lab3 (Maze 1)\Debug\Obj\cpu_bsp.o"                     #
#                    "C:\Users\ChiHau\Desktop\Robot 2\Lab3 (Maze              #
#                    1)\Debug\Obj\cpu_c.o" "C:\Users\ChiHau\Desktop\Robot     #
#                    2\Lab3 (Maze 1)\Debug\Obj\cpu_core.o"                    #
#                    "C:\Users\ChiHau\Desktop\Robot 2\Lab3 (Maze              #
#                    1)\CPU\LuminaryMicro\DriverLib\driverlib\driverlib-cm3.a #
#                    " "C:\Users\ChiHau\Desktop\Robot 2\Lab3 (Maze            #
#                    1)\Debug\Obj\LED.o" "C:\Users\ChiHau\Desktop\Robot       #
#                    2\Lab3 (Maze 1)\Debug\Obj\lib_ascii.o"                   #
#                    "C:\Users\ChiHau\Desktop\Robot 2\Lab3 (Maze              #
#                    1)\Debug\Obj\lib_math.o" "C:\Users\ChiHau\Desktop\Robot  #
#                    2\Lab3 (Maze 1)\Debug\Obj\lib_mem.o"                     #
#                    "C:\Users\ChiHau\Desktop\Robot 2\Lab3 (Maze              #
#                    1)\Debug\Obj\lib_str.o" "C:\Users\ChiHau\Desktop\Robot   #
#                    2\Lab3 (Maze 1)\Debug\Obj\main.o"                        #
#                    "C:\Users\ChiHau\Desktop\Robot 2\Lab3 (Maze              #
#                    1)\Debug\Obj\motor_lib.o" "C:\Users\ChiHau\Desktop\Robot #
#                     2\Lab3 (Maze 1)\Debug\Obj\os_app_hooks.o"               #
#                    "C:\Users\ChiHau\Desktop\Robot 2\Lab3 (Maze              #
#                    1)\Debug\Obj\os_cfg_app.o" "C:\Users\ChiHau\Desktop\Robo #
#                    t 2\Lab3 (Maze 1)\Debug\Obj\os_core.o"                   #
#                    "C:\Users\ChiHau\Desktop\Robot 2\Lab3 (Maze              #
#                    1)\Debug\Obj\os_cpu_a.o" "C:\Users\ChiHau\Desktop\Robot  #
#                    2\Lab3 (Maze 1)\Debug\Obj\os_cpu_c.o"                    #
#                    "C:\Users\ChiHau\Desktop\Robot 2\Lab3 (Maze              #
#                    1)\Debug\Obj\os_dbg.o" "C:\Users\ChiHau\Desktop\Robot    #
#                    2\Lab3 (Maze 1)\Debug\Obj\os_flag.o"                     #
#                    "C:\Users\ChiHau\Desktop\Robot 2\Lab3 (Maze              #
#                    1)\Debug\Obj\os_int.o" "C:\Users\ChiHau\Desktop\Robot    #
#                    2\Lab3 (Maze 1)\Debug\Obj\os_mem.o"                      #
#                    "C:\Users\ChiHau\Desktop\Robot 2\Lab3 (Maze              #
#                    1)\Debug\Obj\os_msg.o" "C:\Users\ChiHau\Desktop\Robot    #
#                    2\Lab3 (Maze 1)\Debug\Obj\os_mutex.o"                    #
#                    "C:\Users\ChiHau\Desktop\Robot 2\Lab3 (Maze              #
#                    1)\Debug\Obj\os_pend_multi.o"                            #
#                    "C:\Users\ChiHau\Desktop\Robot 2\Lab3 (Maze              #
#                    1)\Debug\Obj\os_prio.o" "C:\Users\ChiHau\Desktop\Robot   #
#                    2\Lab3 (Maze 1)\Debug\Obj\os_q.o"                        #
#                    "C:\Users\ChiHau\Desktop\Robot 2\Lab3 (Maze              #
#                    1)\Debug\Obj\os_sem.o" "C:\Users\ChiHau\Desktop\Robot    #
#                    2\Lab3 (Maze 1)\Debug\Obj\os_stat.o"                     #
#                    "C:\Users\ChiHau\Desktop\Robot 2\Lab3 (Maze              #
#                    1)\Debug\Obj\os_task.o" "C:\Users\ChiHau\Desktop\Robot   #
#                    2\Lab3 (Maze 1)\Debug\Obj\os_tick.o"                     #
#                    "C:\Users\ChiHau\Desktop\Robot 2\Lab3 (Maze              #
#                    1)\Debug\Obj\os_time.o" "C:\Users\ChiHau\Desktop\Robot   #
#                    2\Lab3 (Maze 1)\Debug\Obj\os_tmr.o"                      #
#                    "C:\Users\ChiHau\Desktop\Robot 2\Lab3 (Maze              #
#                    1)\Debug\Obj\os_var.o" -o "C:\Users\ChiHau\Desktop\Robot #
#                     2\Lab3 (Maze 1)\Debug\Exe\c.out" --redirect             #
#                    _Printf=_PrintfFull --redirect _Scanf=_ScanfFull --map   #
#                    "C:\Users\ChiHau\Desktop\Robot 2\Lab3 (Maze              #
#                    1)\Debug\List\c.map" --config "C:\Program Files          #
#                    (x86)\IAR Systems\Embedded Workbench                     #
#                    6.5\arm\config\linker\TexasInstruments\LM3S9B92.icf"     #
#                    --semihosting --entry __iar_program_start --vfe          #
#                                                                             #
#                                                                             #
###############################################################################

*******************************************************************************
*** RUNTIME MODEL ATTRIBUTES
***

CppFlavor       = *
__SystemLibrary = DLib


*******************************************************************************
*** PLACEMENT SUMMARY
***

"A1":  place at 0x00000000 { ro section .intvec };
"P1":  place in [from 0x00000000 to 0x0003ffff] { ro };
"P2":  place in [from 0x20000000 to 0x2001ffff] { rw, block CSTACK, block HEAP };

  Section             Kind        Address    Size  Object
  -------             ----        -------    ----  ------
"A1":                                       0x11c
  .intvec             const    0x00000000   0x11c  app_vect.o [1]
                             - 0x0000011c   0x11c

"P1":                                      0x57b0
  .text               ro code  0x0000011c   0xacc  os_task.o [1]
  .text               ro code  0x00000be8   0x230  os_cpu_c.o [1]
  .text               ro code  0x00000e18   0x1e8  os_msg.o [1]
  CODE                ro code  0x00001000    0x2a  cpu_a.o [1]
  .text               ro code  0x0000102a    0x2e  copy_init3.o [5]
  .text               ro code  0x00001058   0x1bc  cpu_core.o [1]
  .text               ro code  0x00001214    0x88  os_prio.o [1]
  .text               ro code  0x0000129c   0xab8  os_core.o [1]
  .text               ro code  0x00001d54   0x410  os_tick.o [1]
  .text               ro code  0x00002164    0x28  cpu_bsp.o [1]
  .text               ro code  0x0000218c   0x2a4  os_time.o [1]
  .text               ro code  0x00002430    0x66  lib_mem.o [1]
  .text               ro code  0x00002496    0x22  zero_init3.o [5]
  .text               ro code  0x000024b8   0x3bc  os_stat.o [1]
  .text               ro code  0x00002874    0x1c  os_flag.o [1]
  .text               ro code  0x00002890    0x1c  os_mem.o [1]
  .text               ro code  0x000028ac    0x1c  os_mutex.o [1]
  .text               ro code  0x000028c8   0x3a8  os_q.o [1]
  .text               ro code  0x00002c70    0x1c  os_sem.o [1]
  .text               ro code  0x00002c8c   0x300  os_tmr.o [1]
  .text               ro code  0x00002f8c   0x230  os_dbg.o [1]
  .text               ro code  0x000031bc   0x110  os_cfg_app.o [1]
  CODE                ro code  0x000032cc    0x84  os_cpu_a.o [1]
  .text               ro code  0x00003350    0xa0  bsp.o [1]
  .text               ro code  0x000033f0   0x4c0  sysctl.o [4]
  .text               ro code  0x000038b0   0x24e  bsp_int.o [1]
  .rodata             const    0x00003afe     0x2  os_cfg_app.o [1]
  .text               ro code  0x00003b00   0x334  bsp_display.o [1]
  .text               ro code  0x00003e34   0x180  bsp_sensors.o [1]
  .text               ro code  0x00003fb4   0x1f8  bsp_motor.o [1]
  .text               ro code  0x000041ac   0x13c  cpu_c.o [1]
  .text               ro code  0x000042e8    0x9a  i2c.o [4]
  .rodata             const    0x00004382     0x2  os_cfg_app.o [1]
  .text               ro code  0x00004384   0x24c  gpio.o [4]
  .text               ro code  0x000045d0    0x90  pwm.o [4]
  .text               ro code  0x00004660   0x734  main.o [1]
  .text               ro code  0x00004d94    0xe0  LED.o [1]
  .text               ro code  0x00004e74    0x46  ethernet.o [4]
  .rodata             const    0x00004eba     0x2  os_cfg_app.o [1]
  .text               ro code  0x00004ebc   0x36c  motor_lib.o [1]
  .text               ro code  0x00005228    0x20  srand.o [3]
  .text               ro code  0x00005248     0x2  xtls.o [3]
  .rodata             const    0x0000524a     0x2  os_dbg.o [1]
  .rodata             const    0x0000524c   0x1dc  bsp_display.o [1]
  .rodata             const    0x00005428    0x50  bsp_display.o [1]
  .rodata             const    0x00005478    0x34  os_dbg.o [1]
  .rodata             const    0x000054ac    0x30  os_dbg.o [1]
  .rodata             const    0x000054dc    0x2c  os_dbg.o [1]
  .rodata             const    0x00005508    0x28  os_dbg.o [1]
  .rodata             const    0x00005530    0x28  os_dbg.o [1]
  .text               ro code  0x00005558    0x28  data_init.o [5]
  .iar.init_table     const    0x00005580    0x24  - Linker created -
  .rodata             const    0x000055a4    0x20  os_dbg.o [1]
  .text               ro code  0x000055c4    0x1a  cmain.o [5]
  .text               ro code  0x000055de     0x4  low_level_init.o [3]
  .text               ro code  0x000055e2     0x4  exit.o [3]
  .rodata             const    0x000055e6     0x2  os_dbg.o [1]
  .text               ro code  0x000055e8     0xa  cexit.o [5]
  .rodata             const    0x000055f2     0x2  os_dbg.o [1]
  .text               ro code  0x000055f4    0x14  exit.o [6]
  .rodata             const    0x00005608    0x18  os_tmr.o [1]
  .rodata             const    0x00005620    0x14  main.o [1]
  .rodata             const    0x00005634    0x14  main.o [1]
  .rodata             const    0x00005648    0x14  main.o [1]
  .rodata             const    0x0000565c    0x14  main.o [1]
  .rodata             const    0x00005670    0x14  motor_lib.o [1]
  .rodata             const    0x00005684    0x14  os_core.o [1]
  .rodata             const    0x00005698    0x14  os_stat.o [1]
  .rodata             const    0x000056ac    0x14  os_tick.o [1]
  .rodata             const    0x000056c0    0x10  main.o [1]
  .rodata             const    0x000056d0    0x10  main.o [1]
  .rodata             const    0x000056e0    0x10  main.o [1]
  .rodata             const    0x000056f0     0xc  main.o [1]
  .rodata             const    0x000056fc     0xc  main.o [1]
  .rodata             const    0x00005708     0xc  main.o [1]
  .rodata             const    0x00005714     0xc  os_core.o [1]
  .text               ro code  0x00005720     0xc  app_vect.o [1]
  .text               ro code  0x0000572c     0xc  cstartup_M.o [5]
  .rodata             const    0x00005738     0x8  bsp_display.o [1]
  .rodata             const    0x00005740     0x8  bsp_display.o [1]
  .rodata             const    0x00005748     0x8  main.o [1]
  .rodata             const    0x00005750     0x8  main.o [1]
  .rodata             const    0x00005758     0x8  os_core.o [1]
  .rodata             const    0x00005760     0x8  os_task.o [1]
  .rodata             const    0x00005768     0x4  os_cfg_app.o [1]
  .rodata             const    0x0000576c     0x4  os_cfg_app.o [1]
  .rodata             const    0x00005770     0x4  os_cfg_app.o [1]
  .rodata             const    0x00005774     0x4  os_cfg_app.o [1]
  .rodata             const    0x00005778     0x4  os_cfg_app.o [1]
  .rodata             const    0x0000577c     0x4  os_cfg_app.o [1]
  .rodata             const    0x00005780     0x4  os_cfg_app.o [1]
  .rodata             const    0x00005784     0x4  os_cfg_app.o [1]
  .rodata             const    0x00005788     0x4  os_cfg_app.o [1]
  .rodata             const    0x0000578c     0x4  os_cfg_app.o [1]
  .rodata             const    0x00005790     0x4  os_cfg_app.o [1]
  .rodata             const    0x00005794     0x4  os_cfg_app.o [1]
  .rodata             const    0x00005798     0x4  os_cfg_app.o [1]
  .rodata             const    0x0000579c     0x4  os_cfg_app.o [1]
  .rodata             const    0x000057a0     0x4  os_cfg_app.o [1]
  .rodata             const    0x000057a4     0x4  os_cfg_app.o [1]
  .rodata             const    0x000057a8     0x4  os_cfg_app.o [1]
  .rodata             const    0x000057ac     0x4  os_cfg_app.o [1]
  .rodata             const    0x000057b0     0x4  os_cfg_app.o [1]
  .rodata             const    0x000057b4     0x4  os_cfg_app.o [1]
  .rodata             const    0x000057b8     0x4  os_cfg_app.o [1]
  .rodata             const    0x000057bc     0x4  os_cfg_app.o [1]
  .rodata             const    0x000057c0     0x4  os_cfg_app.o [1]
  .rodata             const    0x000057c4     0x4  os_cfg_app.o [1]
  .rodata             const    0x000057c8     0x4  os_cfg_app.o [1]
  .rodata             const    0x000057cc     0x4  os_cfg_app.o [1]
  .rodata             const    0x000057d0     0x4  os_cfg_app.o [1]
  .rodata             const    0x000057d4     0x4  os_cfg_app.o [1]
  .rodata             const    0x000057d8     0x4  os_dbg.o [1]
  .rodata             const    0x000057dc     0x4  os_dbg.o [1]
  .rodata             const    0x000057e0     0x4  os_dbg.o [1]
  .rodata             const    0x000057e4     0x2  os_dbg.o [1]
  .rodata             const    0x000057e6     0x2  os_dbg.o [1]
  .rodata             const    0x000057e8     0x2  os_dbg.o [1]
  .rodata             const    0x000057ea     0x2  os_dbg.o [1]
  .rodata             const    0x000057ec     0x2  os_dbg.o [1]
  .rodata             const    0x000057ee     0x2  os_dbg.o [1]
  .rodata             const    0x000057f0     0x2  os_dbg.o [1]
  .rodata             const    0x000057f2     0x2  os_dbg.o [1]
  .rodata             const    0x000057f4     0x2  os_dbg.o [1]
  .rodata             const    0x000057f6     0x2  os_dbg.o [1]
  .rodata             const    0x000057f8     0x2  os_dbg.o [1]
  .rodata             const    0x000057fa     0x2  os_dbg.o [1]
  .rodata             const    0x000057fc     0x2  os_dbg.o [1]
  .rodata             const    0x000057fe     0x2  os_dbg.o [1]
  .rodata             const    0x00005800     0x2  os_dbg.o [1]
  .rodata             const    0x00005802     0x2  os_dbg.o [1]
  .rodata             const    0x00005804     0x2  os_dbg.o [1]
  .rodata             const    0x00005806     0x2  os_dbg.o [1]
  .rodata             const    0x00005808     0x2  os_dbg.o [1]
  .rodata             const    0x0000580a     0x2  os_dbg.o [1]
  .rodata             const    0x0000580c     0x1  os_cfg_app.o [1]
  .rodata             const    0x0000580d     0x1  os_cfg_app.o [1]
  .rodata             const    0x0000580e     0x1  os_cfg_app.o [1]
  .rodata             const    0x0000580f     0x1  os_dbg.o [1]
  .rodata             const    0x00005810     0x1  os_dbg.o [1]
  .rodata             const    0x00005811     0x1  os_dbg.o [1]
  .rodata             const    0x00005812     0x1  os_dbg.o [1]
  .rodata             const    0x00005813     0x1  os_dbg.o [1]
  .rodata             const    0x00005814     0x1  os_dbg.o [1]
  .rodata             const    0x00005815     0x1  os_dbg.o [1]
  .rodata             const    0x00005816     0x1  os_dbg.o [1]
  .rodata             const    0x00005817     0x1  os_dbg.o [1]
  .rodata             const    0x00005818     0x1  os_dbg.o [1]
  .rodata             const    0x00005819     0x1  os_dbg.o [1]
  .rodata             const    0x0000581a     0x1  os_dbg.o [1]
  .rodata             const    0x0000581b     0x1  os_dbg.o [1]
  .rodata             const    0x0000581c     0x1  os_dbg.o [1]
  .rodata             const    0x0000581d     0x1  os_dbg.o [1]
  .rodata             const    0x0000581e     0x1  os_dbg.o [1]
  .rodata             const    0x0000581f     0x1  os_dbg.o [1]
  .rodata             const    0x00005820     0x1  os_dbg.o [1]
  .rodata             const    0x00005821     0x1  os_dbg.o [1]
  .rodata             const    0x00005822     0x1  os_dbg.o [1]
  .rodata             const    0x00005823     0x1  os_dbg.o [1]
  .rodata             const    0x00005824     0x1  os_dbg.o [1]
  .rodata             const    0x00005825     0x1  os_dbg.o [1]
  .rodata             const    0x00005826     0x1  os_dbg.o [1]
  .rodata             const    0x00005827     0x1  os_dbg.o [1]
  .rodata             const    0x00005828     0x1  os_dbg.o [1]
  .rodata             const    0x00005829     0x1  os_dbg.o [1]
  .rodata             const    0x0000582a     0x1  os_dbg.o [1]
  .rodata             const    0x0000582b     0x1  os_dbg.o [1]
  .rodata             const    0x0000582c     0x1  os_dbg.o [1]
  .rodata             const    0x0000582d     0x1  os_dbg.o [1]
  .rodata             const    0x0000582e     0x1  os_dbg.o [1]
  .rodata             const    0x0000582f     0x1  os_dbg.o [1]
  .rodata             const    0x00005830     0x1  os_dbg.o [1]
  .rodata             const    0x00005831     0x1  os_dbg.o [1]
  .rodata             const    0x00005832     0x1  os_dbg.o [1]
  .rodata             const    0x00005833     0x1  os_dbg.o [1]
  .rodata             const    0x00005834     0x1  os_dbg.o [1]
  .rodata             const    0x00005835     0x0  zero_init3.o [5]
  .rodata             const    0x00005835     0x0  copy_init3.o [5]
  Initializer bytes   ro data  0x00005838    0x94  <for P2 s0>
                             - 0x000058cc  0x57b0

"P2", part 1 of 3:                           0x94
  P2 s0                        0x20000000    0x94  <Init block>
    __DLIB_PERTHREAD  inited   0x20000000    0x8c  rand.o [3]
    .data             inited   0x2000008c     0x4  bsp_display.o [1]
    .data             inited   0x20000090     0x4  LED.o [1]
                             - 0x20000094    0x94

"P2", part 2 of 3:                         0x274c
  .bss                zero     0x20000094   0x640  os_cfg_app.o [1]
  .bss                zero     0x200006d4   0x200  main.o [1]
  .bss                zero     0x200008d4   0x200  main.o [1]
  .bss                zero     0x20000ad4   0x200  main.o [1]
  .bss                zero     0x20000cd4   0x200  main.o [1]
  .bss                zero     0x20000ed4   0x200  main.o [1]
  .bss                zero     0x200010d4   0x200  main.o [1]
  .bss                zero     0x200012d4   0x200  os_cfg_app.o [1]
  .bss                zero     0x200014d4   0x200  os_cfg_app.o [1]
  .bss                zero     0x200016d4   0x200  os_cfg_app.o [1]
  .bss                zero     0x200018d4   0x200  os_cfg_app.o [1]
  .bss                zero     0x20001ad4   0x200  os_cfg_app.o [1]
  .bss                zero     0x20001cd4   0x118  bsp_int.o [1]
  .bss                zero     0x20001dec    0xc4  main.o [1]
  .bss                zero     0x20001eb0    0xc4  main.o [1]
  .bss                zero     0x20001f74    0xc4  main.o [1]
  .bss                zero     0x20002038    0xc4  main.o [1]
  .bss                zero     0x200020fc    0xc4  main.o [1]
  .bss                zero     0x200021c0    0xc4  main.o [1]
  .bss                zero     0x20002284    0xc4  os_var.o [1]
  .bss                zero     0x20002348    0xc4  os_var.o [1]
  .bss                zero     0x2000240c    0xc4  os_var.o [1]
  .bss                zero     0x200024d0    0xc4  os_var.o [1]
  .bss                zero     0x20002594    0x68  os_cfg_app.o [1]
  .bss                zero     0x200025fc    0x68  os_cfg_app.o [1]
  .bss                zero     0x20002664    0x60  os_var.o [1]
  .bss                zero     0x200026c4    0x30  motor_lib.o [1]
  .bss                zero     0x200026f4    0x10  cpu_core.o [1]
  .bss                zero     0x20002704     0x8  os_var.o [1]
  .bss                zero     0x2000270c     0x4  bsp.o [1]
  .bss                zero     0x20002710     0x4  bsp_display.o [1]
  .bss                zero     0x20002714     0x4  cpu_core.o [1]
  .bss                zero     0x20002718     0x4  cpu_core.o [1]
  .bss                zero     0x2000271c     0x4  cpu_core.o [1]
  .bss                zero     0x20002720     0x4  cpu_core.o [1]
  .bss                zero     0x20002724     0x4  cpu_core.o [1]
  .bss                zero     0x20002728     0x4  cpu_core.o [1]
  .bss                zero     0x2000272c     0x4  main.o [1]
  .bss                zero     0x20002730     0x4  os_cpu_c.o [1]
  .bss                zero     0x20002734     0x4  os_prio.o [1]
  .bss                zero     0x20002738     0x4  os_var.o [1]
  .bss                zero     0x2000273c     0x4  os_var.o [1]
  .bss                zero     0x20002740     0x4  os_var.o [1]
  .bss                zero     0x20002744     0x4  os_var.o [1]
  .bss                zero     0x20002748     0x4  os_var.o [1]
  .bss                zero     0x2000274c     0x4  os_var.o [1]
  .bss                zero     0x20002750     0x4  os_var.o [1]
  .bss                zero     0x20002754     0x4  os_var.o [1]
  .bss                zero     0x20002758     0x4  os_var.o [1]
  .bss                zero     0x2000275c     0x4  os_var.o [1]
  .bss                zero     0x20002760     0x4  os_var.o [1]
  .bss                zero     0x20002764     0x4  os_var.o [1]
  .bss                zero     0x20002768     0x4  os_var.o [1]
  .bss                zero     0x2000276c     0x4  os_var.o [1]
  .bss                zero     0x20002770     0x4  os_var.o [1]
  .bss                zero     0x20002774     0x4  os_var.o [1]
  .bss                zero     0x20002778     0x4  os_var.o [1]
  .bss                zero     0x2000277c     0x4  os_var.o [1]
  .bss                zero     0x20002780     0x4  os_var.o [1]
  .bss                zero     0x20002784     0x4  os_var.o [1]
  .bss                zero     0x20002788     0x4  os_var.o [1]
  .bss                zero     0x2000278c     0x4  os_var.o [1]
  .bss                zero     0x20002790     0x4  os_var.o [1]
  .bss                zero     0x20002794     0x4  os_var.o [1]
  .bss                zero     0x20002798     0x4  os_var.o [1]
  .bss                zero     0x2000279c     0x4  os_var.o [1]
  .bss                zero     0x200027a0     0x4  os_var.o [1]
  .bss                zero     0x200027a4     0x4  os_var.o [1]
  .bss                zero     0x200027a8     0x4  os_var.o [1]
  .bss                zero     0x200027ac     0x4  os_var.o [1]
  .bss                zero     0x200027b0     0x4  os_var.o [1]
  .bss                zero     0x200027b4     0x4  os_var.o [1]
  .bss                zero     0x200027b8     0x4  os_var.o [1]
  .bss                zero     0x200027bc     0x2  cpu_core.o [1]
  .bss                zero     0x200027be     0x2  cpu_core.o [1]
  .bss                zero     0x200027c0     0x2  os_var.o [1]
  .bss                zero     0x200027c2     0x2  os_var.o [1]
  .bss                zero     0x200027c4     0x2  os_var.o [1]
  .bss                zero     0x200027c6     0x2  os_var.o [1]
  .bss                zero     0x200027c8     0x2  os_var.o [1]
  .bss                zero     0x200027ca     0x2  os_var.o [1]
  .bss                zero     0x200027cc     0x1  motor_lib.o [1]
  .bss                zero     0x200027cd     0x1  motor_lib.o [1]
  .bss                zero     0x200027ce     0x1  motor_lib.o [1]
  .bss                zero     0x200027cf     0x1  motor_lib.o [1]
  .bss                zero     0x200027d0     0x1  motor_lib.o [1]
  .bss                zero     0x200027d1     0x1  os_var.o [1]
  .bss                zero     0x200027d2     0x1  os_var.o [1]
  .bss                zero     0x200027d3     0x1  os_var.o [1]
  .bss                zero     0x200027d4     0x1  os_var.o [1]
  .bss                zero     0x200027d5     0x1  os_var.o [1]
  .bss                zero     0x200027d6     0x1  os_var.o [1]
  .bss                zero     0x200027d7     0x1  os_var.o [1]
  .bss                zero     0x200027d8     0x1  os_var.o [1]
  .bss                zero     0x200027d9     0x1  os_var.o [1]
                             - 0x200027da  0x2746

"P2", part 3 of 3:                          0x800
  CSTACK                       0x200027e0   0x800  <Block>
    CSTACK            uninit   0x200027e0   0x800  <Block tail>
                             - 0x20002fe0   0x800


*******************************************************************************
*** INIT TABLE
***

          Address     Size
          -------     ----
Zero (__iar_zero_init3)
    1 destination range, total size 0x2746:
          0x20000094  0x2746

Copy (__iar_copy_init3)
    1 source range, total size 0x94:
          0x00005838    0x94
    1 destination range, total size 0x94:
          0x20000000    0x94



*******************************************************************************
*** MODULE SUMMARY
***

    Module            ro code  ro data  rw data
    ------            -------  -------  -------
C:\Users\ChiHau\Desktop\Robot 2\Lab3 (Maze 1)\Debug\Obj: [1]
    LED.o                 224        4        4
    app_vect.o             12      284
    bsp.o                 160                 4
    bsp_display.o         820      576        8
    bsp_int.o             590               280
    bsp_motor.o           504
    bsp_sensors.o         384
    cpu_a.o                42
    cpu_bsp.o              40
    cpu_c.o               316
    cpu_core.o            444                44
    lib_mem.o             102
    main.o              1 844      180    4 252
    motor_lib.o           876       20       53
    os_cfg_app.o          272      121    4 368
    os_core.o           2 744       40
    os_cpu_a.o            132
    os_cpu_c.o            560                 4
    os_dbg.o              560      352
    os_flag.o              28
    os_mem.o               28
    os_msg.o              488
    os_mutex.o             28
    os_prio.o             136                 4
    os_q.o                936
    os_sem.o               28
    os_stat.o             956       20
    os_task.o           2 764        8
    os_tick.o           1 040       20
    os_time.o             676
    os_tmr.o              768       24
    os_var.o                              1 041
    -------------------------------------------
    Total:             18 502    1 649   10 062

command line: [2]
    -------------------------------------------
    Total:

dl7M_tln.a: [3]
    exit.o                  4
    low_level_init.o        4
    rand.o                         140      140
    srand.o                32
    xtls.o                  2
    -------------------------------------------
    Total:                 42      140      140

driverlib-cm3.a: [4]
    ethernet.o             70
    gpio.o                588
    i2c.o                 154
    pwm.o                 144
    sysctl.o            1 216
    -------------------------------------------
    Total:              2 172

rt7M_tl.a: [5]
    cexit.o                10
    cmain.o                26
    copy_init3.o           46
    cstartup_M.o           12
    data_init.o            40
    zero_init3.o           34
    -------------------------------------------
    Total:                168

shb_l.a: [6]
    exit.o                 20
    -------------------------------------------
    Total:                 20

    Linker created                  39    2 048
-----------------------------------------------
    Grand Total:       20 904    1 828   12 250


*******************************************************************************
*** ENTRY LIST
***

Entry                      Address   Size  Type      Object
-----                      -------   ----  ----      ------
?main                   0x000055c5         Code  Gb  cmain.o [5]
AppTaskInputMonitor     0x00004839   0x94  Code  Lc  main.o [1]
AppTaskInputMonitorStk  0x20000ed4  0x200  Data  Lc  main.o [1]
AppTaskInputMonitorTCB  0x200020fc   0xc4  Data  Lc  main.o [1]
AppTaskLED              0x00004bbb   0x58  Code  Lc  main.o [1]
AppTaskLEDStk           0x200010d4  0x200  Data  Lc  main.o [1]
AppTaskLEDTCB           0x200021c0   0xc4  Data  Lc  main.o [1]
AppTaskMotorControl     0x00004735   0xb0  Code  Lc  main.o [1]
AppTaskMotorControlStk  0x20000ad4  0x200  Data  Lc  main.o [1]
AppTaskMotorControlTCB  0x20001f74   0xc4  Data  Lc  main.o [1]
AppTaskRobotControl     0x000048cd  0x2ee  Code  Lc  main.o [1]
AppTaskRobotControlStk  0x200008d4  0x200  Data  Lc  main.o [1]
AppTaskRobotControlTCB  0x20001eb0   0xc4  Data  Lc  main.o [1]
AppTaskStart            0x000046b1   0x84  Code  Lc  main.o [1]
AppTaskStartStk         0x200006d4  0x200  Data  Lc  main.o [1]
AppTaskStartTCB         0x20001dec   0xc4  Data  Lc  main.o [1]
AppTaskTimerControl     0x000047e5   0x54  Code  Lc  main.o [1]
AppTaskTimerControlStk  0x20000cd4  0x200  Data  Lc  main.o [1]
AppTaskTimerControlTCB  0x20002038   0xc4  Data  Lc  main.o [1]
AppTasksCreate          0x00004c13   0xf8  Code  Lc  main.o [1]
App_BusFault_ISR        0x00005725    0x2  Code  Lc  app_vect.o [1]
App_Fault_ISR           0x00005723    0x2  Code  Lc  app_vect.o [1]
App_MemFault_ISR        0x00005729    0x2  Code  Lc  app_vect.o [1]
App_NMI_ISR             0x00005721    0x2  Code  Lc  app_vect.o [1]
App_Spurious_ISR        0x0000572b    0x2  Code  Lc  app_vect.o [1]
App_UsageFault_ISR      0x00005727    0x2  Code  Lc  app_vect.o [1]
BSP_BumpSensorGetStatus
                        0x00003e4d   0x3c  Code  Gb  bsp_sensors.o [1]
BSP_BumpSensorsInit     0x00003e35   0x18  Code  Gb  bsp_sensors.o [1]
BSP_CPUClkFreq          0x000033ad   0x12  Code  Gb  bsp.o [1]
BSP_CPU_ClkFreq_MHz     0x2000270c    0x4  Data  Gb  bsp.o [1]
BSP_DisplayClear        0x00003bd9   0x4c  Code  Gb  bsp_display.o [1]
BSP_DisplayInit         0x00003d27   0xd8  Code  Gb  bsp_display.o [1]
BSP_DisplayOn           0x00003ceb   0x3c  Code  Gb  bsp_display.o [1]
BSP_DisplayStringDraw   0x00003c25   0xc6  Code  Gb  bsp_display.o [1]
BSP_DisplayWriteArray   0x00003b5b   0x3e  Code  Lc  bsp_display.o [1]
BSP_DisplayWriteByte    0x00003b29   0x32  Code  Lc  bsp_display.o [1]
BSP_DisplayWriteFinal   0x00003b99   0x40  Code  Lc  bsp_display.o [1]
BSP_DisplayWriteFirst   0x00003b01   0x28  Code  Lc  bsp_display.o [1]
BSP_Init                0x00003351   0x5c  Code  Gb  bsp.o [1]
BSP_IntEn               0x000038b1   0x10  Code  Gb  bsp_int.o [1]
BSP_IntHandler          0x00003ad7   0x20  Code  Lc  bsp_int.o [1]
BSP_IntHandlerADC0      0x0000395b    0xa  Code  Gb  bsp_int.o [1]
BSP_IntHandlerADC1      0x00003965    0xa  Code  Gb  bsp_int.o [1]
BSP_IntHandlerADC1_0    0x00003a91    0xa  Code  Gb  bsp_int.o [1]
BSP_IntHandlerADC1_1    0x00003a9b    0xa  Code  Gb  bsp_int.o [1]
BSP_IntHandlerADC1_2    0x00003aa5    0xa  Code  Gb  bsp_int.o [1]
BSP_IntHandlerADC1_3    0x00003aaf    0xa  Code  Gb  bsp_int.o [1]
BSP_IntHandlerADC2      0x0000396f    0xa  Code  Gb  bsp_int.o [1]
BSP_IntHandlerADC3      0x00003979    0xa  Code  Gb  bsp_int.o [1]
BSP_IntHandlerCAN0      0x00003a4b    0xa  Code  Gb  bsp_int.o [1]
BSP_IntHandlerCAN1      0x00003a55    0xa  Code  Gb  bsp_int.o [1]
BSP_IntHandlerCOMP0     0x000039c9    0xa  Code  Gb  bsp_int.o [1]
BSP_IntHandlerCOMP1     0x000039d3    0xa  Code  Gb  bsp_int.o [1]
BSP_IntHandlerCOMP2     0x000039dd    0xa  Code  Gb  bsp_int.o [1]
BSP_IntHandlerDummy     0x00003afd    0x2  Code  Lc  bsp_int.o [1]
BSP_IntHandlerEPI       0x00003ac3    0xa  Code  Gb  bsp_int.o [1]
BSP_IntHandlerETH       0x00003a5f    0xa  Code  Gb  bsp_int.o [1]
BSP_IntHandlerFLASH     0x000039f1    0xa  Code  Gb  bsp_int.o [1]
BSP_IntHandlerGPIOA     0x00003901    0xa  Code  Gb  bsp_int.o [1]
BSP_IntHandlerGPIOB     0x0000390b    0xa  Code  Gb  bsp_int.o [1]
BSP_IntHandlerGPIOC     0x00003915    0xa  Code  Gb  bsp_int.o [1]
BSP_IntHandlerGPIOD     0x0000391f    0xa  Code  Gb  bsp_int.o [1]
BSP_IntHandlerGPIOE     0x00003929    0xa  Code  Gb  bsp_int.o [1]
BSP_IntHandlerGPIOF     0x000039fb    0xa  Code  Gb  bsp_int.o [1]
BSP_IntHandlerGPIOG     0x00003a05    0xa  Code  Gb  bsp_int.o [1]
BSP_IntHandlerGPIOH     0x00003a0f    0xa  Code  Gb  bsp_int.o [1]
BSP_IntHandlerGPIOJ     0x00003acd    0xa  Code  Gb  bsp_int.o [1]
BSP_IntHandlerHIBERNATE
                        0x00003a69    0xa  Code  Gb  bsp_int.o [1]
BSP_IntHandlerI2C0      0x00003951    0xa  Code  Gb  bsp_int.o [1]
BSP_IntHandlerI2C1      0x00003a41    0xa  Code  Gb  bsp_int.o [1]
BSP_IntHandlerI2S0      0x00003ab9    0xa  Code  Gb  bsp_int.o [1]
BSP_IntHandlerSSI0      0x00003947    0xa  Code  Gb  bsp_int.o [1]
BSP_IntHandlerSSI1      0x00003a23    0xa  Code  Gb  bsp_int.o [1]
BSP_IntHandlerSYSCTL    0x000039e7    0xa  Code  Gb  bsp_int.o [1]
BSP_IntHandlerTIMER0A   0x0000398d    0xa  Code  Gb  bsp_int.o [1]
BSP_IntHandlerTIMER0B   0x00003997    0xa  Code  Gb  bsp_int.o [1]
BSP_IntHandlerTIMER1A   0x000039a1    0xa  Code  Gb  bsp_int.o [1]
BSP_IntHandlerTIMER1B   0x000039ab    0xa  Code  Gb  bsp_int.o [1]
BSP_IntHandlerTIMER2A   0x000039b5    0xa  Code  Gb  bsp_int.o [1]
BSP_IntHandlerTIMER2B   0x000039bf    0xa  Code  Gb  bsp_int.o [1]
BSP_IntHandlerTIMER3A   0x00003a2d    0xa  Code  Gb  bsp_int.o [1]
BSP_IntHandlerTIMER3B   0x00003a37    0xa  Code  Gb  bsp_int.o [1]
BSP_IntHandlerUART0     0x00003933    0xa  Code  Gb  bsp_int.o [1]
BSP_IntHandlerUART1     0x0000393d    0xa  Code  Gb  bsp_int.o [1]
BSP_IntHandlerUART2     0x00003a19    0xa  Code  Gb  bsp_int.o [1]
BSP_IntHandlerUDMA_ERR  0x00003a87    0xa  Code  Gb  bsp_int.o [1]
BSP_IntHandlerUDMA_SW   0x00003a7d    0xa  Code  Gb  bsp_int.o [1]
BSP_IntHandlerUSB       0x00003a73    0xa  Code  Gb  bsp_int.o [1]
BSP_IntHandlerWATCHDOG  0x00003983    0xa  Code  Gb  bsp_int.o [1]
BSP_IntInit             0x000038e9   0x18  Code  Gb  bsp_int.o [1]
BSP_IntVectSet          0x000038c1   0x28  Code  Gb  bsp_int.o [1]
BSP_IntVectTbl          0x20001cd4  0x118  Data  Lc  bsp_int.o [1]
BSP_MotorDir            0x00004091   0x44  Code  Gb  bsp_motor.o [1]
BSP_MotorRun            0x000040d5   0x1c  Code  Gb  bsp_motor.o [1]
BSP_MotorSpeed          0x00004121   0x76  Code  Gb  bsp_motor.o [1]
BSP_MotorStop           0x000040f1   0x30  Code  Gb  bsp_motor.o [1]
BSP_MotorsInit          0x00003fb5   0xdc  Code  Gb  bsp_motor.o [1]
BSP_WheelSensorIntEnable
                        0x00003f2b   0x7e  Code  Gb  bsp_sensors.o [1]
BSP_WheelSensorsInit    0x00003e89   0xa2  Code  Gb  bsp_sensors.o [1]
CPU_CntLeadZeros        0x00001017         Code  Gb  cpu_a.o [1]
CPU_Init                0x00001059   0x10  Code  Gb  cpu_core.o [1]
CPU_IntDis              0x00001001         Code  Gb  cpu_a.o [1]
CPU_IntDisMeasCtr       0x200027bc    0x2  Data  Gb  cpu_core.o [1]
CPU_IntDisMeasInit      0x00001167   0x74  Code  Lc  cpu_core.o [1]
CPU_IntDisMeasMaxCalc   0x000011db   0x14  Code  Lc  cpu_core.o [1]
CPU_IntDisMeasMaxCurGet
                        0x000010b1   0x1c  Code  Gb  cpu_core.o [1]
CPU_IntDisMeasMaxCurReset
                        0x00001091   0x20  Code  Gb  cpu_core.o [1]
CPU_IntDisMeasMaxCur_cnts
                        0x20002724    0x4  Data  Gb  cpu_core.o [1]
CPU_IntDisMeasMaxGet    0x000010cd   0x1c  Code  Gb  cpu_core.o [1]
CPU_IntDisMeasMax_cnts  0x20002728    0x4  Data  Gb  cpu_core.o [1]
CPU_IntDisMeasOvrhd_cnts
                        0x20002720    0x4  Data  Gb  cpu_core.o [1]
CPU_IntDisMeasStart     0x000010e9   0x28  Code  Gb  cpu_core.o [1]
CPU_IntDisMeasStart_cnts
                        0x20002718    0x4  Data  Gb  cpu_core.o [1]
CPU_IntDisMeasStop      0x00001111   0x40  Code  Gb  cpu_core.o [1]
CPU_IntDisMeasStop_cnts
                        0x2000271c    0x4  Data  Gb  cpu_core.o [1]
CPU_IntDisNestCtr       0x200027be    0x2  Data  Gb  cpu_core.o [1]
CPU_IntEn               0x00001005         Code  Gb  cpu_a.o [1]
CPU_IntSrcEn            0x000041ad  0x12c  Code  Gb  cpu_c.o [1]
CPU_Name                0x200026f4   0x10  Data  Gb  cpu_core.o [1]
CPU_NameClr             0x00001069   0x22  Code  Gb  cpu_core.o [1]
CPU_NameInit            0x00001151    0x8  Code  Lc  cpu_core.o [1]
CPU_RevBits             0x0000101d         Code  Gb  cpu_a.o [1]
CPU_SR_Restore          0x00001011         Code  Gb  cpu_a.o [1]
CPU_SR_Save             0x00001009         Code  Gb  cpu_a.o [1]
CPU_TS_Init             0x00001159    0xe  Code  Lc  cpu_core.o [1]
CPU_TS_TmrFreqSet       0x0000108b    0x6  Code  Gb  cpu_core.o [1]
CPU_TS_TmrFreq_Hz       0x20002714    0x4  Data  Gb  cpu_core.o [1]
CPU_TS_TmrInit          0x00002165   0x18  Code  Gb  cpu_bsp.o [1]
CPU_TS_TmrRd            0x0000217d    0x6  Code  Gb  cpu_bsp.o [1]
CPU_WaitForExcept       0x00001027         Code  Gb  cpu_a.o [1]
CPU_WaitForInt          0x00001023         Code  Gb  cpu_a.o [1]
CSTACK$$Base            0x200027e0          --   Gb  - Linker created -
CSTACK$$Limit           0x20002fe0          --   Gb  - Linker created -
EthernetPHYRead         0x00004e99   0x22  Code  Gb  ethernet.o [4]
EthernetPHYWrite        0x00004e75   0x24  Code  Gb  ethernet.o [4]
GPIODirModeSet          0x00004385   0x28  Code  Gb  gpio.o [4]
GPIOIntTypeSet          0x000043ad   0x38  Code  Gb  gpio.o [4]
GPIOPadConfigSet        0x000043e5   0x98  Code  Gb  gpio.o [4]
GPIOPinConfigure        0x00004501   0x3e  Code  Gb  gpio.o [4]
GPIOPinIntClear         0x00004499    0x6  Code  Gb  gpio.o [4]
GPIOPinIntDisable       0x00004483    0x6  Code  Gb  gpio.o [4]
GPIOPinIntEnable        0x0000447d    0x6  Code  Gb  gpio.o [4]
GPIOPinIntStatus        0x00004489   0x10  Code  Gb  gpio.o [4]
GPIOPinRead             0x0000449f    0x6  Code  Gb  gpio.o [4]
GPIOPinTypeGPIOInput    0x000044b9   0x10  Code  Gb  gpio.o [4]
GPIOPinTypeGPIOOutput   0x000044c9    0xa  Code  Gb  gpio.o [4]
GPIOPinTypeI2C          0x000044e5    0xa  Code  Gb  gpio.o [4]
GPIOPinTypePWM          0x000044f7    0xa  Code  Gb  gpio.o [4]
GPIOPinWrite            0x000044a5    0x6  Code  Gb  gpio.o [4]
I2CMasterControl        0x00004365    0x4  Code  Gb  i2c.o [4]
I2CMasterDataPut        0x0000437f    0x4  Code  Gb  i2c.o [4]
I2CMasterEnable         0x0000432f    0xc  Code  Gb  i2c.o [4]
I2CMasterErr            0x00004369   0x16  Code  Gb  i2c.o [4]
I2CMasterInitExpClk     0x000042e9   0x46  Code  Gb  i2c.o [4]
I2CMasterIntStatus      0x0000433b    0xa  Code  Gb  i2c.o [4]
I2CMasterSlaveAddrSet   0x0000435d    0x8  Code  Gb  i2c.o [4]
IntQ                    0x200026c4   0x30  Data  Gb  motor_lib.o [1]
IntWheelSensor          0x00004f09   0xf2  Code  Gb  motor_lib.o [1]
LED_Off                 0x00004e39   0x32  Code  Gb  LED.o [1]
LED_On                  0x00004e07   0x32  Code  Gb  LED.o [1]
LEDsInit                0x00004d95   0x72  Code  Gb  LED.o [1]
Left_tgt                0x200027cc    0x1  Data  Gb  motor_lib.o [1]
Mem_Clr                 0x00002431    0xc  Code  Gb  lib_mem.o [1]
Mem_Set                 0x0000243d   0x5a  Code  Gb  lib_mem.o [1]
OSCfg_DataSizeRAM       0x000057d4    0x4  Data  Gb  os_cfg_app.o [1]
OSCfg_ISRStk            0x200014d4  0x200  Data  Gb  os_cfg_app.o [1]
OSCfg_ISRStkBasePtr     0x00005778    0x4  Data  Gb  os_cfg_app.o [1]
OSCfg_ISRStkSize        0x0000577c    0x4  Data  Gb  os_cfg_app.o [1]
OSCfg_ISRStkSizeRAM     0x00005780    0x4  Data  Gb  os_cfg_app.o [1]
OSCfg_IdleTaskStk       0x200012d4  0x200  Data  Gb  os_cfg_app.o [1]
OSCfg_IdleTaskStkBasePtr
                        0x00005768    0x4  Data  Gb  os_cfg_app.o [1]
OSCfg_IdleTaskStkLimit  0x0000576c    0x4  Data  Gb  os_cfg_app.o [1]
OSCfg_IdleTaskStkSize   0x00005770    0x4  Data  Gb  os_cfg_app.o [1]
OSCfg_IdleTaskStkSizeRAM
                        0x00005774    0x4  Data  Gb  os_cfg_app.o [1]
OSCfg_Init              0x000031bd  0x110  Code  Gb  os_cfg_app.o [1]
OSCfg_MsgPool           0x20000094  0x640  Data  Gb  os_cfg_app.o [1]
OSCfg_MsgPoolBasePtr    0x00005788    0x4  Data  Gb  os_cfg_app.o [1]
OSCfg_MsgPoolSize       0x00003afe    0x2  Data  Gb  os_cfg_app.o [1]
OSCfg_MsgPoolSizeRAM    0x00005784    0x4  Data  Gb  os_cfg_app.o [1]
OSCfg_StatTaskPrio      0x0000580c    0x1  Data  Gb  os_cfg_app.o [1]
OSCfg_StatTaskRate_Hz   0x0000578c    0x4  Data  Gb  os_cfg_app.o [1]
OSCfg_StatTaskStk       0x200016d4  0x200  Data  Gb  os_cfg_app.o [1]
OSCfg_StatTaskStkBasePtr
                        0x00005790    0x4  Data  Gb  os_cfg_app.o [1]
OSCfg_StatTaskStkLimit  0x00005794    0x4  Data  Gb  os_cfg_app.o [1]
OSCfg_StatTaskStkSize   0x00005798    0x4  Data  Gb  os_cfg_app.o [1]
OSCfg_StatTaskStkSizeRAM
                        0x0000579c    0x4  Data  Gb  os_cfg_app.o [1]
OSCfg_StkSizeMin        0x000057a0    0x4  Data  Gb  os_cfg_app.o [1]
OSCfg_TickRate_Hz       0x000057a4    0x4  Data  Gb  os_cfg_app.o [1]
OSCfg_TickTaskPrio      0x0000580d    0x1  Data  Gb  os_cfg_app.o [1]
OSCfg_TickTaskStk       0x200018d4  0x200  Data  Gb  os_cfg_app.o [1]
OSCfg_TickTaskStkBasePtr
                        0x000057a8    0x4  Data  Gb  os_cfg_app.o [1]
OSCfg_TickTaskStkLimit  0x000057ac    0x4  Data  Gb  os_cfg_app.o [1]
OSCfg_TickTaskStkSize   0x000057b0    0x4  Data  Gb  os_cfg_app.o [1]
OSCfg_TickTaskStkSizeRAM
                        0x000057b4    0x4  Data  Gb  os_cfg_app.o [1]
OSCfg_TickWheel         0x20002594   0x68  Data  Gb  os_cfg_app.o [1]
OSCfg_TickWheelSize     0x00004382    0x2  Data  Gb  os_cfg_app.o [1]
OSCfg_TickWheelSizeRAM  0x000057b8    0x4  Data  Gb  os_cfg_app.o [1]
OSCfg_TmrTaskPrio       0x0000580e    0x1  Data  Gb  os_cfg_app.o [1]
OSCfg_TmrTaskRate_Hz    0x000057bc    0x4  Data  Gb  os_cfg_app.o [1]
OSCfg_TmrTaskStk        0x20001ad4  0x200  Data  Gb  os_cfg_app.o [1]
OSCfg_TmrTaskStkBasePtr
                        0x000057c0    0x4  Data  Gb  os_cfg_app.o [1]
OSCfg_TmrTaskStkLimit   0x000057c4    0x4  Data  Gb  os_cfg_app.o [1]
OSCfg_TmrTaskStkSize    0x000057c8    0x4  Data  Gb  os_cfg_app.o [1]
OSCfg_TmrTaskStkSizeRAM
                        0x000057cc    0x4  Data  Gb  os_cfg_app.o [1]
OSCfg_TmrWheel          0x200025fc   0x68  Data  Gb  os_cfg_app.o [1]
OSCfg_TmrWheelSize      0x00004eba    0x2  Data  Gb  os_cfg_app.o [1]
OSCfg_TmrWheelSizeRAM   0x000057d0    0x4  Data  Gb  os_cfg_app.o [1]
OSDbg_AppHooksEn        0x00005810    0x1  Data  Gb  os_dbg.o [1]
OSDbg_ArgChkEn          0x0000580f    0x1  Data  Gb  os_dbg.o [1]
OSDbg_CalledFromISRChkEn
                        0x00005811    0x1  Data  Gb  os_dbg.o [1]
OSDbg_DataSize          0x000057e0    0x4  Data  Gb  os_dbg.o [1]
OSDbg_DbgEn             0x0000524a    0x2  Data  Gb  os_dbg.o [1]
OSDbg_EndiannessTest    0x000057d8    0x4  Data  Gb  os_dbg.o [1]
OSDbg_FlagDelEn         0x00005813    0x1  Data  Gb  os_dbg.o [1]
OSDbg_FlagEn            0x00005812    0x1  Data  Gb  os_dbg.o [1]
OSDbg_FlagGrp           0x00005508   0x28  Data  Gb  os_dbg.o [1]
OSDbg_FlagGrpSize       0x000055e6    0x2  Data  Gb  os_dbg.o [1]
OSDbg_FlagModeClrEn     0x00005814    0x1  Data  Gb  os_dbg.o [1]
OSDbg_FlagPendAbortEn   0x00005815    0x1  Data  Gb  os_dbg.o [1]
OSDbg_FlagWidth         0x000055f2    0x2  Data  Gb  os_dbg.o [1]
OSDbg_ISRPostDeferredEn
                        0x00005816    0x1  Data  Gb  os_dbg.o [1]
OSDbg_Mem               0x000055a4   0x20  Data  Gb  os_dbg.o [1]
OSDbg_MemEn             0x00005817    0x1  Data  Gb  os_dbg.o [1]
OSDbg_MemSize           0x000057e4    0x2  Data  Gb  os_dbg.o [1]
OSDbg_MsgEn             0x00005818    0x1  Data  Gb  os_dbg.o [1]
OSDbg_MsgPoolSize       0x000057e8    0x2  Data  Gb  os_dbg.o [1]
OSDbg_MsgQSize          0x000057ea    0x2  Data  Gb  os_dbg.o [1]
OSDbg_MsgSize           0x000057e6    0x2  Data  Gb  os_dbg.o [1]
OSDbg_Mutex             0x000054dc   0x2c  Data  Gb  os_dbg.o [1]
OSDbg_MutexDelEn        0x0000581a    0x1  Data  Gb  os_dbg.o [1]
OSDbg_MutexEn           0x00005819    0x1  Data  Gb  os_dbg.o [1]
OSDbg_MutexPendAbortEn  0x0000581b    0x1  Data  Gb  os_dbg.o [1]
OSDbg_MutexSize         0x000057ec    0x2  Data  Gb  os_dbg.o [1]
OSDbg_ObjTypeChkEn      0x0000581c    0x1  Data  Gb  os_dbg.o [1]
OSDbg_PendDataSize      0x000057ee    0x2  Data  Gb  os_dbg.o [1]
OSDbg_PendListSize      0x000057f0    0x2  Data  Gb  os_dbg.o [1]
OSDbg_PendMultiEn       0x0000581d    0x1  Data  Gb  os_dbg.o [1]
OSDbg_PendObjSize       0x000057f2    0x2  Data  Gb  os_dbg.o [1]
OSDbg_PrioMax           0x000057f4    0x2  Data  Gb  os_dbg.o [1]
OSDbg_PrioTblSize       0x000057f6    0x2  Data  Gb  os_dbg.o [1]
OSDbg_PtrSize           0x000057f8    0x2  Data  Gb  os_dbg.o [1]
OSDbg_Q                 0x000054ac   0x30  Data  Gb  os_dbg.o [1]
OSDbg_QDelEn            0x0000581f    0x1  Data  Gb  os_dbg.o [1]
OSDbg_QEn               0x0000581e    0x1  Data  Gb  os_dbg.o [1]
OSDbg_QFlushEn          0x00005820    0x1  Data  Gb  os_dbg.o [1]
OSDbg_QPendAbortEn      0x00005821    0x1  Data  Gb  os_dbg.o [1]
OSDbg_QSize             0x000057fa    0x2  Data  Gb  os_dbg.o [1]
OSDbg_RdyList           0x000057fe    0x2  Data  Gb  os_dbg.o [1]
OSDbg_RdyListSize       0x000057dc    0x4  Data  Gb  os_dbg.o [1]
OSDbg_SchedRoundRobinEn
                        0x00005822    0x1  Data  Gb  os_dbg.o [1]
OSDbg_Sem               0x00005530   0x28  Data  Gb  os_dbg.o [1]
OSDbg_SemDelEn          0x00005824    0x1  Data  Gb  os_dbg.o [1]
OSDbg_SemEn             0x00005823    0x1  Data  Gb  os_dbg.o [1]
OSDbg_SemPendAbortEn    0x00005825    0x1  Data  Gb  os_dbg.o [1]
OSDbg_SemSetEn          0x00005826    0x1  Data  Gb  os_dbg.o [1]
OSDbg_SemSize           0x000057fc    0x2  Data  Gb  os_dbg.o [1]
OSDbg_StatTaskEn        0x00005828    0x1  Data  Gb  os_dbg.o [1]
OSDbg_StatTaskStkChkEn  0x00005829    0x1  Data  Gb  os_dbg.o [1]
OSDbg_StkWidth          0x00005827    0x1  Data  Gb  os_dbg.o [1]
OSDbg_TCBSize           0x00005802    0x2  Data  Gb  os_dbg.o [1]
OSDbg_TaskChangePrioEn  0x0000582a    0x1  Data  Gb  os_dbg.o [1]
OSDbg_TaskDelEn         0x0000582b    0x1  Data  Gb  os_dbg.o [1]
OSDbg_TaskProfileEn     0x0000582e    0x1  Data  Gb  os_dbg.o [1]
OSDbg_TaskQEn           0x0000582c    0x1  Data  Gb  os_dbg.o [1]
OSDbg_TaskQPendAbortEn  0x0000582d    0x1  Data  Gb  os_dbg.o [1]
OSDbg_TaskRegTblSize    0x00005800    0x2  Data  Gb  os_dbg.o [1]
OSDbg_TaskSemPendAbortEn
                        0x0000582f    0x1  Data  Gb  os_dbg.o [1]
OSDbg_TaskSuspendEn     0x00005830    0x1  Data  Gb  os_dbg.o [1]
OSDbg_TickSpokeSize     0x00005804    0x2  Data  Gb  os_dbg.o [1]
OSDbg_TimeDlyHMSMEn     0x00005831    0x1  Data  Gb  os_dbg.o [1]
OSDbg_TimeDlyResumeEn   0x00005832    0x1  Data  Gb  os_dbg.o [1]
OSDbg_Tmr               0x00005478   0x34  Data  Gb  os_dbg.o [1]
OSDbg_TmrDelEn          0x00005834    0x1  Data  Gb  os_dbg.o [1]
OSDbg_TmrEn             0x00005833    0x1  Data  Gb  os_dbg.o [1]
OSDbg_TmrSize           0x00005806    0x2  Data  Gb  os_dbg.o [1]
OSDbg_TmrSpokeSize      0x00005808    0x2  Data  Gb  os_dbg.o [1]
OSDbg_VersionNbr        0x0000580a    0x2  Data  Gb  os_dbg.o [1]
OSFlagDbgListPtr        0x2000275c    0x4  Data  Gb  os_var.o [1]
OSFlagQty               0x200027c0    0x2  Data  Gb  os_var.o [1]
OSIdleTaskCtr           0x20002754    0x4  Data  Gb  os_var.o [1]
OSIdleTaskHook          0x00000be9   0x12  Code  Gb  os_cpu_c.o [1]
OSIdleTaskTCB           0x20002284   0xc4  Data  Gb  os_var.o [1]
OSInit                  0x0000129d  0x148  Code  Gb  os_core.o [1]
OSInitHook              0x00000bfb   0x14  Code  Gb  os_cpu_c.o [1]
OSIntDisTimeMax         0x20002758    0x4  Data  Gb  os_var.o [1]
OSIntEnter              0x000013e5   0x24  Code  Gb  os_core.o [1]
OSIntExit               0x00001409   0xc8  Code  Gb  os_core.o [1]
OSIntNestingCtr         0x200027d1    0x1  Data  Gb  os_var.o [1]
OSMemDbgListPtr         0x20002760    0x4  Data  Gb  os_var.o [1]
OSMemQty                0x200027c2    0x2  Data  Gb  os_var.o [1]
OSMsgPool               0x20002704    0x8  Data  Gb  os_var.o [1]
OSMutexDbgListPtr       0x20002764    0x4  Data  Gb  os_var.o [1]
OSMutexQty              0x200027c4    0x2  Data  Gb  os_var.o [1]
OSPrioCur               0x200027d3    0x1  Data  Gb  os_var.o [1]
OSPrioHighRdy           0x200027d4    0x1  Data  Gb  os_var.o [1]
OSPrioTbl               0x20002734    0x4  Data  Gb  os_prio.o [1]
OSQCreate               0x000028c9   0x82  Code  Gb  os_q.o [1]
OSQDbgListPtr           0x20002768    0x4  Data  Gb  os_var.o [1]
OSQPend                 0x0000294b  0x1da  Code  Gb  os_q.o [1]
OSQPost                 0x00002b25   0x46  Code  Gb  os_q.o [1]
OSQQty                  0x200027c6    0x2  Data  Gb  os_var.o [1]
OSRdyList               0x20002664   0x60  Data  Gb  os_var.o [1]
OSRunning               0x200027d2    0x1  Data  Gb  os_var.o [1]
OSSched                 0x000014d1   0x8e  Code  Gb  os_core.o [1]
OSSchedLock             0x0000155f   0x68  Code  Gb  os_core.o [1]
OSSchedLockNestingCtr   0x200027d5    0x1  Data  Gb  os_var.o [1]
OSSchedLockTimeBegin    0x2000276c    0x4  Data  Gb  os_var.o [1]
OSSchedLockTimeMax      0x20002770    0x4  Data  Gb  os_var.o [1]
OSSchedLockTimeMaxCur   0x20002774    0x4  Data  Gb  os_var.o [1]
OSSchedRoundRobinDfltTimeQuanta
                        0x20002778    0x4  Data  Gb  os_var.o [1]
OSSchedRoundRobinEn     0x200027d6    0x1  Data  Gb  os_var.o [1]
OSSchedUnlock           0x000015c7   0x88  Code  Gb  os_core.o [1]
OSSemDbgListPtr         0x2000277c    0x4  Data  Gb  os_var.o [1]
OSSemQty                0x200027c8    0x2  Data  Gb  os_var.o [1]
OSStart                 0x0000164f   0x64  Code  Gb  os_core.o [1]
OSStartHighRdy          0x000032cd         Code  Gb  os_cpu_a.o [1]
OSStatReset             0x000024b9   0xc6  Code  Gb  os_stat.o [1]
OSStatResetFlag         0x200027d9    0x1  Data  Gb  os_var.o [1]
OSStatTaskCPUUsage      0x200027d7    0x1  Data  Gb  os_var.o [1]
OSStatTaskCPUUsageInit  0x0000257f   0x98  Code  Gb  os_stat.o [1]
OSStatTaskCtr           0x20002780    0x4  Data  Gb  os_var.o [1]
OSStatTaskCtrMax        0x20002784    0x4  Data  Gb  os_var.o [1]
OSStatTaskCtrRun        0x20002788    0x4  Data  Gb  os_var.o [1]
OSStatTaskHook          0x00000c0f   0x12  Code  Gb  os_cpu_c.o [1]
OSStatTaskRdy           0x200027d8    0x1  Data  Gb  os_var.o [1]
OSStatTaskTCB           0x20002348   0xc4  Data  Gb  os_var.o [1]
OSStatTaskTimeMax       0x2000278c    0x4  Data  Gb  os_var.o [1]
OSTCBCurPtr             0x200027b4    0x4  Data  Gb  os_var.o [1]
OSTCBHighRdyPtr         0x200027b8    0x4  Data  Gb  os_var.o [1]
OSTaskCreate            0x0000011d  0x188  Code  Gb  os_task.o [1]
OSTaskCreateHook        0x00000c21   0x12  Code  Gb  os_cpu_c.o [1]
OSTaskCtxSwCtr          0x20002790    0x4  Data  Gb  os_var.o [1]
OSTaskDbgListPtr        0x20002794    0x4  Data  Gb  os_var.o [1]
OSTaskDel               0x000002a5  0x104  Code  Gb  os_task.o [1]
OSTaskDelHook           0x00000c33   0x12  Code  Gb  os_cpu_c.o [1]
OSTaskQPend             0x000003a9  0x1d8  Code  Gb  os_task.o [1]
OSTaskQPost             0x00000581   0x28  Code  Gb  os_task.o [1]
OSTaskQty               0x200027ca    0x2  Data  Gb  os_var.o [1]
OSTaskReturnHook        0x00000c45   0x12  Code  Gb  os_cpu_c.o [1]
OSTaskSemPend           0x000005a9  0x1ce  Code  Gb  os_task.o [1]
OSTaskSemPost           0x00000777   0x1c  Code  Gb  os_task.o [1]
OSTaskStkChk            0x00000793   0xb8  Code  Gb  os_task.o [1]
OSTaskStkInit           0x00000c57   0x80  Code  Gb  os_cpu_c.o [1]
OSTaskSwHook            0x00000cd7   0x90  Code  Gb  os_cpu_c.o [1]
OSTickCtr               0x20002798    0x4  Data  Gb  os_var.o [1]
OSTickTaskTCB           0x2000240c   0xc4  Data  Gb  os_var.o [1]
OSTickTaskTimeMax       0x2000279c    0x4  Data  Gb  os_var.o [1]
OSTimeDly               0x0000218d   0xae  Code  Gb  os_time.o [1]
OSTimeDlyHMSM           0x0000223b  0x184  Code  Gb  os_time.o [1]
OSTimeTick              0x000023bf   0x4a  Code  Gb  os_time.o [1]
OSTimeTickHook          0x00000d67   0x12  Code  Gb  os_cpu_c.o [1]
OSTmrDbgListPtr         0x200027a0    0x4  Data  Gb  os_var.o [1]
OSTmrTaskTCB            0x200024d0   0xc4  Data  Gb  os_var.o [1]
OSTmrTaskTimeMax        0x200027a4    0x4  Data  Gb  os_var.o [1]
OSTmrTickCtr            0x200027a8    0x4  Data  Gb  os_var.o [1]
OSTmrUpdateCnt          0x200027ac    0x4  Data  Gb  os_var.o [1]
OSTmrUpdateCtr          0x200027b0    0x4  Data  Gb  os_var.o [1]
OS_AppIdleTaskHookPtr   0x20002744    0x4  Data  Gb  os_var.o [1]
OS_AppStatTaskHookPtr   0x20002748    0x4  Data  Gb  os_var.o [1]
OS_AppTaskCreateHookPtr
                        0x20002738    0x4  Data  Gb  os_var.o [1]
OS_AppTaskDelHookPtr    0x2000273c    0x4  Data  Gb  os_var.o [1]
OS_AppTaskReturnHookPtr
                        0x20002740    0x4  Data  Gb  os_var.o [1]
OS_AppTaskSwHookPtr     0x2000274c    0x4  Data  Gb  os_var.o [1]
OS_AppTimeTickHookPtr   0x20002750    0x4  Data  Gb  os_var.o [1]
OS_CPU_ExceptStkBase    0x20002730    0x4  Data  Gb  os_cpu_c.o [1]
OS_CPU_PendSVHandler    0x000032eb         Code  Gb  os_cpu_a.o [1]
OS_CPU_SysTickHandler   0x00000d79   0x2c  Code  Gb  os_cpu_c.o [1]
OS_CPU_SysTickInit      0x00000da5   0x2c  Code  Gb  os_cpu_c.o [1]
OS_Dbg_Init             0x00002f8d  0x230  Code  Gb  os_dbg.o [1]
OS_FlagInit             0x00002875   0x12  Code  Gb  os_flag.o [1]
OS_IdleTask             0x000016b3   0x3a  Code  Gb  os_core.o [1]
OS_IdleTaskInit         0x000016ed   0x50  Code  Gb  os_core.o [1]
OS_MemInit              0x00002891   0x12  Code  Gb  os_mem.o [1]
OS_MsgPoolCreate        0x00000e19   0x3c  Code  Gb  os_msg.o [1]
OS_MsgPoolInit          0x00000e55   0x4c  Code  Gb  os_msg.o [1]
OS_MsgQFreeAll          0x00000ea1   0x44  Code  Gb  os_msg.o [1]
OS_MsgQGet              0x00000ef9   0x70  Code  Gb  os_msg.o [1]
OS_MsgQInit             0x00000ee5   0x14  Code  Gb  os_msg.o [1]
OS_MsgQPut              0x00000f69   0x8a  Code  Gb  os_msg.o [1]
OS_MutexInit            0x000028ad   0x12  Code  Gb  os_mutex.o [1]
OS_Pend                 0x0000173d   0x6c  Code  Gb  os_core.o [1]
OS_PendDataInit         0x000017a9   0x34  Code  Gb  os_core.o [1]
OS_PendDbgNameAdd       0x000017dd   0x42  Code  Gb  os_core.o [1]
OS_PendDbgNameRemove    0x0000181f   0x1e  Code  Gb  os_core.o [1]
OS_PendListInit         0x0000183d    0xe  Code  Gb  os_core.o [1]
OS_PendListInsertPrio   0x0000184b   0x6e  Code  Gb  os_core.o [1]
OS_PendListRemove       0x000018b9   0x28  Code  Gb  os_core.o [1]
OS_PendListRemove1      0x000018e1   0x48  Code  Gb  os_core.o [1]
OS_Post                 0x00001929   0xc0  Code  Gb  os_core.o [1]
OS_Post1                0x000019e9   0x26  Code  Gb  os_core.o [1]
OS_PrioGetHighest       0x00001229   0x20  Code  Gb  os_prio.o [1]
OS_PrioInit             0x00001215   0x14  Code  Gb  os_prio.o [1]
OS_PrioInsert           0x00001249   0x26  Code  Gb  os_prio.o [1]
OS_PrioRemove           0x0000126f   0x28  Code  Gb  os_prio.o [1]
OS_QDbgListAdd          0x00002b6b   0x28  Code  Gb  os_q.o [1]
OS_QInit                0x00002b93   0x12  Code  Gb  os_q.o [1]
OS_QPost                0x00002bc1   0xb0  Code  Gb  os_q.o [1]
OS_RdyListInit          0x00001a0f   0x24  Code  Gb  os_core.o [1]
OS_RdyListInsert        0x00001a39   0x28  Code  Gb  os_core.o [1]
OS_RdyListInsertHead    0x00001a61   0x3a  Code  Gb  os_core.o [1]
OS_RdyListInsertTail    0x00001a9b   0x38  Code  Gb  os_core.o [1]
OS_RdyListMoveHeadToTail
                        0x00001add   0x40  Code  Gb  os_core.o [1]
OS_RdyListRemove        0x00001b1d   0x5c  Code  Gb  os_core.o [1]
OS_SchedLockTimeMeasStart
                        0x00001b85   0x14  Code  Gb  os_core.o [1]
OS_SchedLockTimeMeasStop
                        0x00001bb1   0x2e  Code  Gb  os_core.o [1]
OS_SchedRoundRobin      0x00001bf9   0xa6  Code  Gb  os_core.o [1]
OS_SemInit              0x00002c71   0x12  Code  Gb  os_sem.o [1]
OS_StatTask             0x00002617  0x172  Code  Gb  os_stat.o [1]
OS_StatTaskInit         0x00002789   0x90  Code  Gb  os_stat.o [1]
OS_TaskBlock            0x00001d01   0x3a  Code  Gb  os_core.o [1]
OS_TaskDbgListAdd       0x0000084b   0x2e  Code  Gb  os_task.o [1]
OS_TaskDbgListRemove    0x00000879   0x4a  Code  Gb  os_task.o [1]
OS_TaskInit             0x000008c3   0x18  Code  Gb  os_task.o [1]
OS_TaskInitTCB          0x000008e5  0x114  Code  Gb  os_task.o [1]
OS_TaskQPost            0x000009fd   0xdc  Code  Gb  os_task.o [1]
OS_TaskRdy              0x00001d3b   0x1a  Code  Gb  os_core.o [1]
OS_TaskReturn           0x00000add   0x14  Code  Gb  os_task.o [1]
OS_TaskSemPost          0x00000af9   0xd4  Code  Gb  os_task.o [1]
OS_TickListInit         0x00001df1   0x2a  Code  Gb  os_tick.o [1]
OS_TickListInsert       0x00001e1b  0x11c  Code  Gb  os_tick.o [1]
OS_TickListRemove       0x00001f37   0x42  Code  Gb  os_tick.o [1]
OS_TickListResetPeak    0x00001f79   0x1e  Code  Gb  os_tick.o [1]
OS_TickListUpdate       0x00001f97  0x198  Code  Gb  os_tick.o [1]
OS_TickTask             0x00001d55   0x28  Code  Gb  os_tick.o [1]
OS_TickTaskInit         0x00001d7d   0x74  Code  Gb  os_tick.o [1]
OS_TmrInit              0x00002c8d   0xda  Code  Gb  os_tmr.o [1]
OS_TmrLink              0x00002d67   0xd0  Code  Gb  os_tmr.o [1]
OS_TmrResetPeak         0x00002e37   0x1e  Code  Gb  os_tmr.o [1]
OS_TmrTask              0x00002ea1   0xaa  Code  Gb  os_tmr.o [1]
OS_TmrUnlink            0x00002e55   0x4c  Code  Gb  os_tmr.o [1]
PORTF_BASE              0x20000090    0x4  Data  Gb  LED.o [1]
PWMGenConfigure         0x000045d1   0x2c  Code  Gb  pwm.o [4]
PWMGenEnable            0x00004611    0x6  Code  Gb  pwm.o [4]
PWMGenPeriodSet         0x000045fd   0x14  Code  Gb  pwm.o [4]
PWMOutputInvert         0x0000464f   0x12  Code  Gb  pwm.o [4]
PWMOutputState          0x0000463d   0x12  Code  Gb  pwm.o [4]
PWMPulseWidthSet        0x00004617   0x1e  Code  Gb  pwm.o [4]
Region$$Table$$Base     0x00005580          --   Gb  - Linker created -
Region$$Table$$Limit    0x000055a4          --   Gb  - Linker created -
Right_tgt               0x200027cd    0x1  Data  Gb  motor_lib.o [1]
RoboMove                0x00004ffb   0xd4  Code  Gb  motor_lib.o [1]
RoboStopNow             0x000051eb   0x1c  Code  Gb  motor_lib.o [1]
RoboTurn                0x000050cf  0x11c  Code  Gb  motor_lib.o [1]
SysCtlClockGet          0x0000360f  0x19a  Code  Gb  sysctl.o [4]
SysCtlClockSet          0x000034f9  0x116  Code  Gb  sysctl.o [4]
SysCtlDelay             0x000034f1    0x8  Code  Gb  sysctl.o [4]
SysCtlPWMClockSet       0x000037a9    0xa  Code  Gb  sysctl.o [4]
SysCtlPeripheralDeepSleepDisable
                        0x000034d3   0x1c  Code  Gb  sysctl.o [4]
SysCtlPeripheralEnable  0x00003471   0x1c  Code  Gb  sysctl.o [4]
SysCtlPeripheralReset   0x000033f1   0x80  Code  Gb  sysctl.o [4]
_Rand_idx               0x20000008    0x4  Data  Lc  rand.o [3]
_Rand_rv                0x2000000c   0x80  Data  Lc  rand.o [3]
_Randinit               0x20000000    0x1  Data  Gb  rand.o [3]
_Randseed               0x20000004    0x4  Data  Gb  rand.o [3]
__cmain                 0x000055c5         Code  Gb  cmain.o [5]
__exit                  0x000055f5   0x14  Code  Gb  exit.o [6]
__iar_copy_init3        0x0000102b   0x2e  Code  Gb  copy_init3.o [5]
__iar_data_init3        0x00005559   0x28  Code  Gb  data_init.o [5]
__iar_dlib_perthread_access
                        0x00005249    0x2  Code  Gb  xtls.o [3]
__iar_program_start     0x0000572d         Code  Gb  cstartup_M.o [5]
__iar_zero_init3        0x00002497   0x22  Code  Gb  zero_init3.o [5]
__low_level_init        0x000055df    0x4  Code  Gb  low_level_init.o [3]
__vector_table          0x00000000  0x11c  Data  Gb  app_vect.o [1]
_call_main              0x000055d1         Code  Gb  cmain.o [5]
_exit                   0x000055e9         Code  Gb  cexit.o [5]
_main                   0x000055db         Code  Gb  cmain.o [5]
cpu_time                0x2000272c    0x4  Data  Gb  main.o [1]
exit                    0x000055e3    0x4  Code  Gb  exit.o [3]
g_pucFont               0x0000524c  0x1dc  Data  Lc  bsp_display.o [1]
g_pucRITInit            0x00005428   0x50  Data  Lc  bsp_display.o [1]
g_pucRow1               0x00005738    0x8  Data  Lc  bsp_display.o [1]
g_pucRow2               0x00005740    0x8  Data  Lc  bsp_display.o [1]
g_pulDCGCRegs           0x00003838    0xc  Data  Lc  sysctl.o [4]
g_pulGPIOBaseAddrs      0x00004558   0x78  Data  Lc  gpio.o [4]
g_pulRCGCRegs           0x0000382c    0xc  Data  Lc  sysctl.o [4]
g_pulSRCRRegs           0x00003820    0xc  Data  Lc  sysctl.o [4]
g_pulXtals              0x00003844   0x6c  Data  Lc  sysctl.o [4]
g_ucColumnAdjust        0x2000008c    0x4  Data  Lc  bsp_display.o [1]
g_ulDelay               0x20002710    0x4  Data  Lc  bsp_display.o [1]
main                    0x00004661   0x4e  Code  Gb  main.o [1]
motors_init             0x00004ebd   0x4c  Code  Gb  motor_lib.o [1]
srand                   0x00005229   0x20  Code  Gb  srand.o [3]


[1] = C:\Users\ChiHau\Desktop\Robot 2\Lab3 (Maze 1)\Debug\Obj
[2] = command line
[3] = dl7M_tln.a
[4] = driverlib-cm3.a
[5] = rt7M_tl.a
[6] = shb_l.a

  20 904 bytes of readonly  code memory
   1 828 bytes of readonly  data memory
  12 250 bytes of readwrite data memory

Errors: none
Warnings: none
